// Jest Snapshot v1, https://goo.gl/fbAQLP

exports[`d constructor 1`] = `"d"`;
